"blank"			"=========================="
"blank"			"#Valve_Movement_Title"
"blank"			"=========================="
"+forward"			"#Valve_Move_Forward"
"+back"				"#Valve_Move_Back"
"+moveleft"			"#Valve_Move_Left"
"+moveright"			"#Valve_Move_Right"
"+speed"             		"#Valve_Sprint"
"+jump"				"#Valve_Jump"
"+duck"				"#Valve_Duck"
"blank"			"=========================="
"blank"			"#Valve_Combat_Title"
"blank"			"=========================="
"+attack"			"#ShipKey_PrimaryAttack"
"+attack2"			"#Valve_Secondary_Attack"
"holster"			"#ShipKey_Holster"
"hotitem1"			"#ShipKey_Hot1"
"hotitem2"			"#ShipKey_Hot2"	
"hotitem3"			"#ShipKey_Hot3"
"hotitem4"			"#ShipKey_Hot4"
"drop"				"#ShipKey_Drop"
"nextweapon"			"#ShipKey_NextWeapon"
"prevweapon"			"#ShipKey_PrevWeapon"
"blank"			"=========================="
"blank"			"#ShipKey_Keys"
"blank"			"=========================="
"+score"			"#ShipKey_Scores"
"+showmfk"			"#ShipKey_MFK"
"+inventory"			"#ShipKey_Inventory"
"+deckplan"			"#ShipKey_Deckplan"
"+hints"			"#ShipKey_Hints"
"jpeg"				"#Valve_Take_Screen_Shot"
"+zoom"				"#Valve_Suit_Zoom"
"say_player"		"#Valve_Chat_Message"
"say_team"			"#Ship_TeamMessage"
"say_identity"		"#Ship_IdentityMessage"
"+showneeds"		"#ShipKey_ToggleNeeds"
"togglecompass"		"#ShipKey_ToggleCompass"
"voteYes"			"#ShipKey_voteYes"
"voteNo"			"#ShipKey_voteNo"
"blank"			"=========================="
"blank"			"#ShipKey_TeamChatKeys"
"blank"			"=========================="
"shipteammessage 1" "#ShipChat_LocationDesc"
"shipteammessage 2" "#ShipChat_EnemySpottedDesc"
"shipteammessage 3" "#ShipChat_Follow"
"shipteammessage 4" "#ShipChat_Help"
"shipteammessage 5" "#ShipChat_WatchMyBackDesc"
"shipteammessage 6" "#ShipChat_Acknowledge"
"blank"			"=========================="
"blank"			"#Valve_Miscellaneous_Keyboard_Keys_Title"
"blank"			"=========================="